[     189ms] [INFO] %cDownload the React DevTools for a better development experience: https://react.dev/link/react-devtools font-weight:bold @ http://localhost:3001/_next/static/chunks/0lc__next_dist_13_tx_q._.js:2489
[     199ms] [LOG] [HMR] connected @ http://localhost:3001/_next/static/chunks/0lc__next_dist_13_tx_q._.js:2489
[     289ms] [WARNING] Image with src "/images/macbook-pro-front.jpg" is using quality "85" which is not configured in images.qualities [75]. Please update your config to [75, 85].
Read more: https://nextjs.org/docs/messages/next-image-unconfigured-qualities @ http://localhost:3001/_next/static/chunks/0lc__next_dist_13_tx_q._.js:2489
[     291ms] [WARNING] Image with src "/images/macbook-pro-angle.jpg" is using quality "85" which is not configured in images.qualities [75]. Please update your config to [75, 85].
Read more: https://nextjs.org/docs/messages/next-image-unconfigured-qualities @ http://localhost:3001/_next/static/chunks/0lc__next_dist_13_tx_q._.js:2489
[     292ms] [WARNING] Image with src "/images/macbook-pro-side.jpg" is using quality "85" which is not configured in images.qualities [75]. Please update your config to [75, 85].
Read more: https://nextjs.org/docs/messages/next-image-unconfigured-qualities @ http://localhost:3001/_next/static/chunks/0lc__next_dist_13_tx_q._.js:2489
[     292ms] [WARNING] Image with src "/images/macbook-pro-display.jpg" is using quality "85" which is not configured in images.qualities [75]. Please update your config to [75, 85].
Read more: https://nextjs.org/docs/messages/next-image-unconfigured-qualities @ http://localhost:3001/_next/static/chunks/0lc__next_dist_13_tx_q._.js:2489
[     375ms] [LOG] [Fast Refresh] rebuilding @ http://localhost:3001/_next/static/chunks/0lc__next_dist_13_tx_q._.js:2489
[     704ms] [LOG] [Fast Refresh] done in 384ms @ http://localhost:3001/_next/static/chunks/0lc__next_dist_13_tx_q._.js:2489
[   49739ms] [LOG] [Fast Refresh] rebuilding @ http://localhost:3001/_next/static/chunks/0lc__next_dist_13_tx_q._.js:2489
[   49812ms] [LOG] [Fast Refresh] done in 139ms @ http://localhost:3001/_next/static/chunks/0lc__next_dist_13_tx_q._.js:2489
[   56906ms] [LOG] [Fast Refresh] rebuilding @ http://localhost:3001/_next/static/chunks/0lc__next_dist_13_tx_q._.js:2489
[   57165ms] [LOG] [Fast Refresh] done in 285ms @ http://localhost:3001/_next/static/chunks/0lc__next_dist_13_tx_q._.js:2489
[   64744ms] [LOG] [Fast Refresh] rebuilding @ http://localhost:3001/_next/static/chunks/0lc__next_dist_13_tx_q._.js:2489
[   64905ms] [LOG] [Fast Refresh] done in 207ms @ http://localhost:3001/_next/static/chunks/0lc__next_dist_13_tx_q._.js:2489
[   70906ms] [LOG] [Fast Refresh] rebuilding @ http://localhost:3001/_next/static/chunks/0lc__next_dist_13_tx_q._.js:2489
[   70978ms] [LOG] [Fast Refresh] done in 139ms @ http://localhost:3001/_next/static/chunks/0lc__next_dist_13_tx_q._.js:2489
[   76503ms] [ERROR] WebSocket connection to 'ws://localhost:3001/_next/webpack-hmr?id=CHQ1WKUrDqcGVo1E-CRfC' failed: Error in connection establishment: net::ERR_CONNECTION_REFUSED @ http://localhost:3001/_next/static/chunks/0lc__next_dist_client_1mhgna2._.js:13422
[   77714ms] [LOG] [HMR] connected @ http://localhost:3001/_next/static/chunks/0lc__next_dist_13_tx_q._.js:2489
[   78285ms] [INFO] %cDownload the React DevTools for a better development experience: https://react.dev/link/react-devtools font-weight:bold @ http://localhost:3001/_next/static/chunks/0lc__next_dist_13_tx_q._.js:2489
[   78310ms] [LOG] [HMR] connected @ http://localhost:3001/_next/static/chunks/0lc__next_dist_13_tx_q._.js:2489
[   78350ms] [WARNING] Image with src "/images/macbook-pro-front.jpg" is using quality "85" which is not configured in images.qualities [75]. Please update your config to [75, 85].
Read more: https://nextjs.org/docs/messages/next-image-unconfigured-qualities @ http://localhost:3001/_next/static/chunks/0lc__next_dist_13_tx_q._.js:2489
[   78352ms] [WARNING] Image with src "/images/macbook-pro-angle.jpg" is using quality "85" which is not configured in images.qualities [75]. Please update your config to [75, 85].
Read more: https://nextjs.org/docs/messages/next-image-unconfigured-qualities @ http://localhost:3001/_next/static/chunks/0lc__next_dist_13_tx_q._.js:2489
[   78352ms] [WARNING] Image with src "/images/macbook-pro-side.jpg" is using quality "85" which is not configured in images.qualities [75]. Please update your config to [75, 85].
Read more: https://nextjs.org/docs/messages/next-image-unconfigured-qualities @ http://localhost:3001/_next/static/chunks/0lc__next_dist_13_tx_q._.js:2489
[   78353ms] [WARNING] Image with src "/images/macbook-pro-display.jpg" is using quality "85" which is not configured in images.qualities [75]. Please update your config to [75, 85].
Read more: https://nextjs.org/docs/messages/next-image-unconfigured-qualities @ http://localhost:3001/_next/static/chunks/0lc__next_dist_13_tx_q._.js:2489
[   79021ms] [LOG] [Fast Refresh] rebuilding @ http://localhost:3001/_next/static/chunks/0lc__next_dist_13_tx_q._.js:2489
[   79101ms] [LOG] [Fast Refresh] done in 179ms @ http://localhost:3001/_next/static/chunks/0lc__next_dist_13_tx_q._.js:2489
