[     220ms] [INFO] %cDownload the React DevTools for a better development experience: https://react.dev/link/react-devtools font-weight:bold @ http://localhost:3001/_next/static/chunks/0lc__next_dist_13_tx_q._.js:2489
[     233ms] [LOG] [HMR] connected @ http://localhost:3001/_next/static/chunks/0lc__next_dist_13_tx_q._.js:2489
[     327ms] [WARNING] Image with src "/images/macbook-pro-front.jpg" is using quality "85" which is not configured in images.qualities [75]. Please update your config to [75, 85].
Read more: https://nextjs.org/docs/messages/next-image-unconfigured-qualities @ http://localhost:3001/_next/static/chunks/0lc__next_dist_13_tx_q._.js:2489
[     329ms] [WARNING] Image with src "/images/macbook-pro-angle.jpg" is using quality "85" which is not configured in images.qualities [75]. Please update your config to [75, 85].
Read more: https://nextjs.org/docs/messages/next-image-unconfigured-qualities @ http://localhost:3001/_next/static/chunks/0lc__next_dist_13_tx_q._.js:2489
[     329ms] [WARNING] Image with src "/images/macbook-pro-side.jpg" is using quality "85" which is not configured in images.qualities [75]. Please update your config to [75, 85].
Read more: https://nextjs.org/docs/messages/next-image-unconfigured-qualities @ http://localhost:3001/_next/static/chunks/0lc__next_dist_13_tx_q._.js:2489
[     333ms] [WARNING] Image with src "/images/macbook-pro-display.jpg" is using quality "85" which is not configured in images.qualities [75]. Please update your config to [75, 85].
Read more: https://nextjs.org/docs/messages/next-image-unconfigured-qualities @ http://localhost:3001/_next/static/chunks/0lc__next_dist_13_tx_q._.js:2489
[     388ms] [LOG] [Fast Refresh] rebuilding @ http://localhost:3001/_next/static/chunks/0lc__next_dist_13_tx_q._.js:2489
[     699ms] [LOG] [Fast Refresh] done in 418ms @ http://localhost:3001/_next/static/chunks/0lc__next_dist_13_tx_q._.js:2489
[   21269ms] [LOG] [Fast Refresh] rebuilding @ http://localhost:3001/_next/static/chunks/0lc__next_dist_13_tx_q._.js:2489
[   21415ms] [LOG] [Fast Refresh] done in 202ms @ http://localhost:3001/_next/static/chunks/0lc__next_dist_13_tx_q._.js:2489
[   35823ms] [ERROR] WebSocket connection to 'ws://localhost:3001/_next/webpack-hmr?id=kEzF4CLUfN0wvxjJyDX5B' failed: Error in connection establishment: net::ERR_CONNECTION_REFUSED @ http://localhost:3001/_next/static/chunks/0lc__next_dist_client_1mhgna2._.js:13422
[   37117ms] [LOG] [HMR] connected @ http://localhost:3001/_next/static/chunks/0lc__next_dist_13_tx_q._.js:2489
[   38096ms] [INFO] %cDownload the React DevTools for a better development experience: https://react.dev/link/react-devtools font-weight:bold @ http://localhost:3001/_next/static/chunks/0lc__next_dist_13_tx_q._.js:2489
[   38120ms] [LOG] [HMR] connected @ http://localhost:3001/_next/static/chunks/0lc__next_dist_13_tx_q._.js:2489
[   38219ms] [WARNING] Image with src "/images/macbook-pro-front.jpg" is using quality "85" which is not configured in images.qualities [75]. Please update your config to [75, 85].
Read more: https://nextjs.org/docs/messages/next-image-unconfigured-qualities @ http://localhost:3001/_next/static/chunks/0lc__next_dist_13_tx_q._.js:2489
[   38221ms] [WARNING] Image with src "/images/macbook-pro-angle.jpg" is using quality "85" which is not configured in images.qualities [75]. Please update your config to [75, 85].
Read more: https://nextjs.org/docs/messages/next-image-unconfigured-qualities @ http://localhost:3001/_next/static/chunks/0lc__next_dist_13_tx_q._.js:2489
[   38222ms] [WARNING] Image with src "/images/macbook-pro-side.jpg" is using quality "85" which is not configured in images.qualities [75]. Please update your config to [75, 85].
Read more: https://nextjs.org/docs/messages/next-image-unconfigured-qualities @ http://localhost:3001/_next/static/chunks/0lc__next_dist_13_tx_q._.js:2489
[   38223ms] [WARNING] Image with src "/images/macbook-pro-display.jpg" is using quality "85" which is not configured in images.qualities [75]. Please update your config to [75, 85].
Read more: https://nextjs.org/docs/messages/next-image-unconfigured-qualities @ http://localhost:3001/_next/static/chunks/0lc__next_dist_13_tx_q._.js:2489
