[     215ms] [INFO] %cDownload the React DevTools for a better development experience: https://react.dev/link/react-devtools font-weight:bold @ http://localhost:3001/_next/static/chunks/0lc__next_dist_13_tx_q._.js:2489
[     227ms] [LOG] [HMR] connected @ http://localhost:3001/_next/static/chunks/0lc__next_dist_13_tx_q._.js:2489
[     321ms] [WARNING] Image with src "/images/macbook-pro-front.jpg" is using quality "85" which is not configured in images.qualities [70, 70, 70, 70, 75]. Please update your config to [70, 70, 70, 70, 75, 85].
Read more: https://nextjs.org/docs/messages/next-image-unconfigured-qualities @ http://localhost:3001/_next/static/chunks/0lc__next_dist_13_tx_q._.js:2489
[     326ms] [WARNING] Image with src "/images/macbook-pro-angle.jpg" is using quality "85" which is not configured in images.qualities [70, 70, 70, 70, 75]. Please update your config to [70, 70, 70, 70, 75, 85].
Read more: https://nextjs.org/docs/messages/next-image-unconfigured-qualities @ http://localhost:3001/_next/static/chunks/0lc__next_dist_13_tx_q._.js:2489
[     327ms] [WARNING] Image with src "/images/macbook-pro-side.jpg" is using quality "85" which is not configured in images.qualities [70, 70, 70, 70, 75]. Please update your config to [70, 70, 70, 70, 75, 85].
Read more: https://nextjs.org/docs/messages/next-image-unconfigured-qualities @ http://localhost:3001/_next/static/chunks/0lc__next_dist_13_tx_q._.js:2489
[     328ms] [WARNING] Image with src "/images/macbook-pro-display.jpg" is using quality "85" which is not configured in images.qualities [70, 70, 70, 70, 75]. Please update your config to [70, 70, 70, 70, 75, 85].
Read more: https://nextjs.org/docs/messages/next-image-unconfigured-qualities @ http://localhost:3001/_next/static/chunks/0lc__next_dist_13_tx_q._.js:2489
[  224245ms] [LOG] [Fast Refresh] rebuilding @ http://localhost:3001/_next/static/chunks/0lc__next_dist_13_tx_q._.js:2489
[  224414ms] [LOG] [Fast Refresh] done in 108ms @ http://localhost:3001/_next/static/chunks/0lc__next_dist_13_tx_q._.js:2489
[  230434ms] [LOG] [Fast Refresh] rebuilding @ http://localhost:3001/_next/static/chunks/0lc__next_dist_13_tx_q._.js:2489
[  230482ms] [LOG] [Fast Refresh] done in 50ms @ http://localhost:3001/_next/static/chunks/0lc__next_dist_13_tx_q._.js:2489
[  245394ms] [ERROR] WebSocket connection to 'ws://localhost:3001/_next/webpack-hmr?id=-ewKiZw67gxBEiMzECEQ6' failed: Error in connection establishment: net::ERR_CONNECTION_REFUSED @ http://localhost:3001/_next/static/chunks/0lc__next_dist_client_1mhgna2._.js:13422
[  246651ms] [LOG] [HMR] connected @ http://localhost:3001/_next/static/chunks/0lc__next_dist_13_tx_q._.js:2489
[  247560ms] [INFO] %cDownload the React DevTools for a better development experience: https://react.dev/link/react-devtools font-weight:bold @ http://localhost:3001/_next/static/chunks/0lc__next_dist_13_tx_q._.js:2489
[  247576ms] [LOG] [HMR] connected @ http://localhost:3001/_next/static/chunks/0lc__next_dist_13_tx_q._.js:2489
[  247716ms] [WARNING] Image with src "/images/macbook-pro-front.jpg" is using quality "85" which is not configured in images.qualities [75]. Please update your config to [75, 85].
Read more: https://nextjs.org/docs/messages/next-image-unconfigured-qualities @ http://localhost:3001/_next/static/chunks/0lc__next_dist_13_tx_q._.js:2489
[  247718ms] [WARNING] Image with src "/images/macbook-pro-angle.jpg" is using quality "85" which is not configured in images.qualities [75]. Please update your config to [75, 85].
Read more: https://nextjs.org/docs/messages/next-image-unconfigured-qualities @ http://localhost:3001/_next/static/chunks/0lc__next_dist_13_tx_q._.js:2489
[  247719ms] [WARNING] Image with src "/images/macbook-pro-side.jpg" is using quality "85" which is not configured in images.qualities [75]. Please update your config to [75, 85].
Read more: https://nextjs.org/docs/messages/next-image-unconfigured-qualities @ http://localhost:3001/_next/static/chunks/0lc__next_dist_13_tx_q._.js:2489
[  247719ms] [WARNING] Image with src "/images/macbook-pro-display.jpg" is using quality "85" which is not configured in images.qualities [75]. Please update your config to [75, 85].
Read more: https://nextjs.org/docs/messages/next-image-unconfigured-qualities @ http://localhost:3001/_next/static/chunks/0lc__next_dist_13_tx_q._.js:2489
[  248180ms] [LOG] [Fast Refresh] rebuilding @ http://localhost:3001/_next/static/chunks/0lc__next_dist_13_tx_q._.js:2489
[  248208ms] [LOG] [Fast Refresh] done in 130ms @ http://localhost:3001/_next/static/chunks/0lc__next_dist_13_tx_q._.js:2489
