[     166ms] [LOG] [Fast Refresh] rebuilding @ http://localhost:3001/_next/static/chunks/0lc__next_dist_13_tx_q._.js:2489
[     174ms] [LOG] [Fast Refresh] done in 109ms @ http://localhost:3001/_next/static/chunks/0lc__next_dist_13_tx_q._.js:2489
[     268ms] [INFO] %cDownload the React DevTools for a better development experience: https://react.dev/link/react-devtools font-weight:bold @ http://localhost:3001/_next/static/chunks/0lc__next_dist_13_tx_q._.js:2489
[     283ms] [LOG] [HMR] connected @ http://localhost:3001/_next/static/chunks/0lc__next_dist_13_tx_q._.js:2489
[     380ms] [ERROR] Failed to load resource: the server responded with a status of 400 (Bad Request) @ http://localhost:3001/_next/image?url=%2Fimages%2Fmacbook-pro-front.jpg&w=768&q=75:0
[     417ms] [WARNING] Image with src "/images/macbook-pro-front.jpg" is using quality "85" which is not configured in images.qualities [70, 70, 70, 70, 70, 70, 70, 70, 75]. Please update your config to [70, 70, 70, 70, 70, 70, 70, 70, 75, 85].
Read more: https://nextjs.org/docs/messages/next-image-unconfigured-qualities @ http://localhost:3001/_next/static/chunks/0lc__next_dist_13_tx_q._.js:2489
[     447ms] [WARNING] Image with src "/images/macbook-pro-angle.jpg" is using quality "85" which is not configured in images.qualities [70, 70, 70, 70, 70, 70, 70, 70, 75]. Please update your config to [70, 70, 70, 70, 70, 70, 70, 70, 75, 85].
Read more: https://nextjs.org/docs/messages/next-image-unconfigured-qualities @ http://localhost:3001/_next/static/chunks/0lc__next_dist_13_tx_q._.js:2489
[     448ms] [WARNING] Image with src "/images/macbook-pro-side.jpg" is using quality "85" which is not configured in images.qualities [70, 70, 70, 70, 70, 70, 70, 70, 75]. Please update your config to [70, 70, 70, 70, 70, 70, 70, 70, 75, 85].
Read more: https://nextjs.org/docs/messages/next-image-unconfigured-qualities @ http://localhost:3001/_next/static/chunks/0lc__next_dist_13_tx_q._.js:2489
[     449ms] [WARNING] Image with src "/images/macbook-pro-display.jpg" is using quality "85" which is not configured in images.qualities [70, 70, 70, 70, 70, 70, 70, 70, 75]. Please update your config to [70, 70, 70, 70, 70, 70, 70, 70, 75, 85].
Read more: https://nextjs.org/docs/messages/next-image-unconfigured-qualities @ http://localhost:3001/_next/static/chunks/0lc__next_dist_13_tx_q._.js:2489
[   14244ms] [LOG] [HMR] connected @ http://localhost:3001/_next/static/chunks/0lc__next_dist_13_tx_q._.js:2489
[   15648ms] [ERROR] Failed to load resource: the server responded with a status of 400 (Bad Request) @ http://localhost:3001/_next/image?url=%2Fimages%2Fmacbook-pro-front.jpg&w=768&q=75:0
[   16322ms] [INFO] %cDownload the React DevTools for a better development experience: https://react.dev/link/react-devtools font-weight:bold @ http://localhost:3001/_next/static/chunks/0lc__next_dist_13_tx_q._.js:2489
[   16391ms] [LOG] [HMR] connected @ http://localhost:3001/_next/static/chunks/0lc__next_dist_13_tx_q._.js:2489
[   16455ms] [WARNING] Image with src "/images/macbook-pro-front.jpg" is using quality "85" which is not configured in images.qualities [75]. Please update your config to [75, 85].
Read more: https://nextjs.org/docs/messages/next-image-unconfigured-qualities @ http://localhost:3001/_next/static/chunks/0lc__next_dist_13_tx_q._.js:2489
[   16458ms] [WARNING] Image with src "/images/macbook-pro-angle.jpg" is using quality "85" which is not configured in images.qualities [75]. Please update your config to [75, 85].
Read more: https://nextjs.org/docs/messages/next-image-unconfigured-qualities @ http://localhost:3001/_next/static/chunks/0lc__next_dist_13_tx_q._.js:2489
[   16459ms] [WARNING] Image with src "/images/macbook-pro-side.jpg" is using quality "85" which is not configured in images.qualities [75]. Please update your config to [75, 85].
Read more: https://nextjs.org/docs/messages/next-image-unconfigured-qualities @ http://localhost:3001/_next/static/chunks/0lc__next_dist_13_tx_q._.js:2489
[   16460ms] [WARNING] Image with src "/images/macbook-pro-display.jpg" is using quality "85" which is not configured in images.qualities [75]. Please update your config to [75, 85].
Read more: https://nextjs.org/docs/messages/next-image-unconfigured-qualities @ http://localhost:3001/_next/static/chunks/0lc__next_dist_13_tx_q._.js:2489
[   18800ms] [ERROR] WebSocket connection to 'ws://localhost:3001/_next/webpack-hmr?id=c-p_RUWSkWilZjzlOXgRl' failed: Error in connection establishment: net::ERR_CONNECTION_REFUSED @ http://localhost:3001/_next/static/chunks/0lc__next_dist_client_1mhgna2._.js:13422
[   19809ms] [LOG] [HMR] connected @ http://localhost:3001/_next/static/chunks/0lc__next_dist_13_tx_q._.js:2489
[   20659ms] [INFO] %cDownload the React DevTools for a better development experience: https://react.dev/link/react-devtools font-weight:bold @ http://localhost:3001/_next/static/chunks/0lc__next_dist_13_tx_q._.js:2489
[   20668ms] [ERROR] Failed to load resource: the server responded with a status of 400 (Bad Request) @ http://localhost:3001/_next/image?url=%2Fimages%2Fmacbook-pro-front.jpg&w=768&q=75:0
[   20671ms] [LOG] [HMR] connected @ http://localhost:3001/_next/static/chunks/0lc__next_dist_13_tx_q._.js:2489
[   20732ms] [WARNING] Image with src "/images/macbook-pro-front.jpg" is using quality "85" which is not configured in images.qualities [75]. Please update your config to [75, 85].
Read more: https://nextjs.org/docs/messages/next-image-unconfigured-qualities @ http://localhost:3001/_next/static/chunks/0lc__next_dist_13_tx_q._.js:2489
[   20733ms] [WARNING] Image with src "/images/macbook-pro-angle.jpg" is using quality "85" which is not configured in images.qualities [75]. Please update your config to [75, 85].
Read more: https://nextjs.org/docs/messages/next-image-unconfigured-qualities @ http://localhost:3001/_next/static/chunks/0lc__next_dist_13_tx_q._.js:2489
[   20734ms] [WARNING] Image with src "/images/macbook-pro-side.jpg" is using quality "85" which is not configured in images.qualities [75]. Please update your config to [75, 85].
Read more: https://nextjs.org/docs/messages/next-image-unconfigured-qualities @ http://localhost:3001/_next/static/chunks/0lc__next_dist_13_tx_q._.js:2489
[   20734ms] [WARNING] Image with src "/images/macbook-pro-display.jpg" is using quality "85" which is not configured in images.qualities [75]. Please update your config to [75, 85].
Read more: https://nextjs.org/docs/messages/next-image-unconfigured-qualities @ http://localhost:3001/_next/static/chunks/0lc__next_dist_13_tx_q._.js:2489
